github.com/opd-ai/venture/cmd/ambiencetest
github.com/opd-ai/venture/cmd/auditrunner
github.com/opd-ai/venture/cmd/auditselect
github.com/opd-ai/venture/cmd/audiotest
github.com/opd-ai/venture/cmd/compositiontest
github.com/opd-ai/venture/cmd/gradienttest
github.com/opd-ai/venture/cmd/decortest
github.com/opd-ai/venture/cmd/dialogtest
github.com/opd-ai/venture/cmd/itemtest
github.com/opd-ai/venture/cmd/genretest
github.com/opd-ai/venture/cmd/entitytest
github.com/opd-ai/venture/cmd/genreblend
github.com/opd-ai/venture/cmd/merchanttest
github.com/opd-ai/venture/cmd/lightingtest
github.com/opd-ai/venture/cmd/magictest
github.com/opd-ai/venture/cmd/anatomytest
github.com/opd-ai/venture/pkg/engine
github.com/opd-ai/venture/cmd/cachetest
github.com/opd-ai/venture/cmd/genregallery
github.com/opd-ai/venture/cmd/humanoidtest
github.com/opd-ai/venture/cmd/itemspritetest
github.com/opd-ai/venture/cmd/monstertest
github.com/opd-ai/venture/cmd/musictest
github.com/opd-ai/venture/cmd/physicstest
github.com/opd-ai/venture/cmd/parallaxtest
github.com/opd-ai/venture/cmd/puzzletest
github.com/opd-ai/venture/cmd/postprocesstest
github.com/opd-ai/venture/cmd/qualitytest
github.com/opd-ai/venture/cmd/questtest
github.com/opd-ai/venture/cmd/rendertest
github.com/opd-ai/venture/cmd/silhouettetest
github.com/opd-ai/venture/cmd/skilltest
github.com/opd-ai/venture/cmd/storytest
github.com/opd-ai/venture/cmd/terraintest
github.com/opd-ai/venture/cmd/texturetest
github.com/opd-ai/venture/cmd/tiletest
github.com/opd-ai/venture/cmd/timedaytest
github.com/opd-ai/venture/cmd/transitiontest
github.com/opd-ai/venture/cmd/visualqualitytest
github.com/opd-ai/venture/cmd/weathertest
github.com/opd-ai/venture/examples/audio_demo
github.com/opd-ai/venture/examples/color_demo
github.com/opd-ai/venture/examples/complete_dungeon_generation
github.com/opd-ai/venture/examples/dialog_demo
github.com/opd-ai/venture/examples/environment_demo
github.com/opd-ai/venture/examples/genre_blending_demo
github.com/opd-ai/venture/examples/phase11_demo
github.com/opd-ai/venture/examples/terrain_entity_integration
github.com/opd-ai/venture/cmd/animationdemo
github.com/opd-ai/venture/pkg/procgen/companion
github.com/opd-ai/venture/pkg/procgen/recipe
github.com/opd-ai/venture/pkg/procgen/faction
github.com/opd-ai/venture/cmd/expressiontest
github.com/opd-ai/venture/cmd/couriertest
github.com/opd-ai/venture/pkg/procgen/book
github.com/opd-ai/venture/cmd/inventorytest
github.com/opd-ai/venture/cmd/mailboxuitest
github.com/opd-ai/venture/cmd/mailtest
github.com/opd-ai/venture/pkg/network/federation
github.com/opd-ai/venture/pkg/rendering/ui
github.com/opd-ai/venture/cmd/minigametest
github.com/opd-ai/venture/pkg/procgen/vehicle
github.com/opd-ai/venture/cmd/memorytest
github.com/opd-ai/venture/pkg/network
github.com/opd-ai/venture/cmd/companiontest
github.com/opd-ai/venture/cmd/mobile
github.com/opd-ai/venture/cmd/movementtest
github.com/opd-ai/venture/cmd/perfprofile
github.com/opd-ai/venture/cmd/perftest
github.com/opd-ai/venture/cmd/booktest
github.com/opd-ai/venture/cmd/discoverytest
github.com/opd-ai/venture/cmd/federationtest
github.com/opd-ai/venture/pkg/visualtest
github.com/opd-ai/venture/cmd/benchmarkphases
github.com/opd-ai/venture/pkg/hostplay
github.com/opd-ai/venture/cmd/client
github.com/opd-ai/venture/cmd/imagetest
github.com/opd-ai/venture/cmd/loadtest
github.com/opd-ai/venture/cmd/persistencetest
github.com/opd-ai/venture/cmd/server
github.com/opd-ai/venture/pkg/network/trade
github.com/opd-ai/venture/cmd/uitest
github.com/opd-ai/venture/cmd/validate_systems
github.com/opd-ai/venture/cmd/validatev11
github.com/opd-ai/venture/cmd/vehicletest
github.com/opd-ai/venture/cmd/visualregressiontest
github.com/opd-ai/venture/cmd/tradetest
github.com/opd-ai/venture/examples/animation_demo
github.com/opd-ai/venture/examples/chat_demo
github.com/opd-ai/venture/examples/combat_demo
github.com/opd-ai/venture/examples/discovery_demo
github.com/opd-ai/venture/examples/lag_compensation_demo
github.com/opd-ai/venture/examples/lighting_demo
github.com/opd-ai/venture/examples/movement_collision_demo
github.com/opd-ai/venture/examples/multiplayer_demo
github.com/opd-ai/venture/examples/network_demo
github.com/opd-ai/venture/examples/optimization_demo
github.com/opd-ai/venture/examples/phase3_demo
github.com/opd-ai/venture/examples/prediction_demo
github.com/opd-ai/venture/examples/trade_demo
github.com/opd-ai/venture/pkg/network/chat
github.com/opd-ai/venture/pkg/procgen/class
github.com/opd-ai/venture/pkg/procgen/minigame/games
github.com/opd-ai/venture/pkg/procgen/minigame
