mode: atomic
github.com/opd-ai/venture/cmd/mobile/mobile.go:66.13,81.49 9 1
github.com/opd-ai/venture/cmd/mobile/mobile.go:81.49,84.3 1 0
github.com/opd-ai/venture/cmd/mobile/mobile.go:88.23,89.25 1 0
github.com/opd-ai/venture/cmd/mobile/mobile.go:89.25,91.3 1 0
github.com/opd-ai/venture/cmd/mobile/mobile.go:93.2,106.30 8 0
github.com/opd-ai/venture/cmd/mobile/mobile.go:110.31,118.16 6 0
github.com/opd-ai/venture/cmd/mobile/mobile.go:118.16,121.3 1 0
github.com/opd-ai/venture/cmd/mobile/mobile.go:126.2,157.70 13 0
github.com/opd-ai/venture/cmd/mobile/mobile.go:161.53,176.16 5 0
github.com/opd-ai/venture/cmd/mobile/mobile.go:176.16,179.3 1 0
github.com/opd-ai/venture/cmd/mobile/mobile.go:181.2,189.25 4 0
github.com/opd-ai/venture/cmd/mobile/mobile.go:193.61,209.2 11 0
github.com/opd-ai/venture/cmd/mobile/mobile.go:212.61,220.16 3 0
github.com/opd-ai/venture/cmd/mobile/mobile.go:220.16,222.3 1 0
github.com/opd-ai/venture/cmd/mobile/mobile.go:222.8,224.3 1 0
github.com/opd-ai/venture/cmd/mobile/mobile.go:228.66,239.2 8 0
github.com/opd-ai/venture/cmd/mobile/mobile.go:244.89,245.64 1 3
github.com/opd-ai/venture/cmd/mobile/mobile.go:245.64,249.3 3 1
github.com/opd-ai/venture/cmd/mobile/mobile.go:250.2,250.17 1 2
github.com/opd-ai/venture/cmd/mobile/mobile.go:254.57,272.2 9 0
github.com/opd-ai/venture/cmd/mobile/mobile.go:275.34,325.2 26 0
github.com/opd-ai/venture/cmd/mobile/mobile.go:328.31,334.2 5 0
github.com/opd-ai/venture/cmd/mobile/mobile.go:337.35,362.2 15 0
github.com/opd-ai/venture/cmd/mobile/mobile.go:365.28,367.16 2 0
github.com/opd-ai/venture/cmd/mobile/mobile.go:367.16,369.3 1 0
github.com/opd-ai/venture/cmd/mobile/mobile.go:371.2,372.16 2 0
github.com/opd-ai/venture/cmd/mobile/mobile.go:372.16,374.3 1 0
github.com/opd-ai/venture/cmd/mobile/mobile.go:378.34,389.2 3 0
github.com/opd-ai/venture/cmd/mobile/mobile.go:392.26,393.89 1 0
github.com/opd-ai/venture/cmd/mobile/mobile.go:393.89,395.3 1 0
github.com/opd-ai/venture/cmd/mobile/mobile.go:397.2,397.30 1 0
github.com/opd-ai/venture/cmd/mobile/mobile.go:401.88,416.16 4 7
github.com/opd-ai/venture/cmd/mobile/mobile.go:416.16,418.3 1 0
github.com/opd-ai/venture/cmd/mobile/mobile.go:418.8,420.23 2 7
github.com/opd-ai/venture/cmd/mobile/mobile.go:420.23,425.4 4 7
github.com/opd-ai/venture/cmd/mobile/mobile.go:429.2,440.16 3 7
github.com/opd-ai/venture/cmd/mobile/mobile.go:440.16,442.3 1 0
github.com/opd-ai/venture/cmd/mobile/mobile.go:442.8,444.34 2 7
github.com/opd-ai/venture/cmd/mobile/mobile.go:444.34,449.4 4 14
github.com/opd-ai/venture/cmd/mobile/mobile.go:457.14,458.25 1 1
github.com/opd-ai/venture/cmd/mobile/mobile.go:458.25,460.3 1 0
github.com/opd-ai/venture/cmd/mobile/mobile.go:467.20,469.2 1 2
github.com/opd-ai/venture/cmd/mobile/mobile.go:474.27,475.25 1 2
github.com/opd-ai/venture/cmd/mobile/mobile.go:475.25,477.3 1 1
github.com/opd-ai/venture/cmd/mobile/mobile.go:478.2,478.27 1 1
github.com/opd-ai/venture/cmd/mobile/mobile.go:484.28,485.25 1 2
github.com/opd-ai/venture/cmd/mobile/mobile.go:485.25,487.3 1 1
github.com/opd-ai/venture/cmd/mobile/mobile.go:488.2,488.28 1 1
github.com/opd-ai/venture/cmd/mobile/mobile.go:497.91,499.2 1 2
